OraQ: Release 1.0.7011.24225 - Production on 02/14/2022 12:06:46
Copyright (c) 2019 IDEA-ENVIs.r.o. - All rights reserved.

Connection Code: PHA_VIX
         Server: pr-t5cluster-scan.chmi.cz
   Service Name: CAQR.chmi.cz
        User Id: vix
 Server Version: Oracle Database 12c Enterprise Edition Release 12.1.0.2.0 - 64bit Production With the Partitioning, Real Application Clusters, Automatic Storage Management, OLAP, Advanced Analytics and Real Application Testing options
Connection time: 0.673 sec.

Start time: 2022-02-14 12:06:46

SQL> delete from vix_c_value_type
0 row(s), time 0.1153 sec

SQL> insert into vix_c_value_type (id,fixed_id,abbrev,name,description)values (1,1,'valid','Platná data','Platná data')
1 row(s), time 0.0852 sec

SQL> insert into vix_c_value_type (id,fixed_id,abbrev,name,description)values (2,2,'error','Neplatná data','Neplatná data')
1 row(s), time 0.0315 sec

SQL> delete from vix_c_aggreg_type
0 row(s), time 0.0526 sec

SQL> insert into vix_c_aggreg_type (id,fixed_id,abbrev,name,description) values (1,1,'avg(1h)/1d','Den: aritmetický průměr ventilačních indexů','Minimální počet dat pro provedení výpočtu je definován v databázi. Viz GagReport')
1 row(s), time 0.0847 sec

SQL> insert into vix_c_aggreg_type (id,fixed_id,abbrev,name,description) values (2,2,'avg(1h)/1m','Měsíc: aritmetický průměr ventilačních indexů','Minimální počet dat pro provedení výpočtu je definován v databázi. Viz GagReport')
1 row(s), time 0.0345 sec

SQL> insert into vix_c_aggreg_type (id,fixed_id,abbrev,name,description) values (3,3,'avg(1h)/1y','Rok: aritmetický průměr ventilačních indexů','Minimální počet dat pro provedení výpočtu je definován v databázi. Viz GagReport')
1 row(s), time 0.0469 sec

SQL> insert into vix_c_aggreg_type (id,fixed_id,abbrev,name,description) values (4,4,'%/1d D' ,'Den: Dobré RP - četnosti v % podle OME','Zápis četnosti proběhne bez ohledu na množství dat')
1 row(s), time 0.0187 sec

SQL> insert into vix_c_aggreg_type (id,fixed_id,abbrev,name,description) values (5,5,'%/1d MN','Den: Mírně nepříznivé RP - četnosti v % podle OME','Zápis četnosti proběhne bez ohledu na množství dat')
1 row(s), time 0.0313 sec

SQL> insert into vix_c_aggreg_type (id,fixed_id,abbrev,name,description) values (6,6,'%/1d N' ,'Den: Nepříznivé RP - četnosti v % podle OME','Zápis četnosti proběhne bez ohledu na množství dat')
1 row(s), time 0.0469 sec

SQL> insert into vix_c_aggreg_type (id,fixed_id,abbrev,name,description) values (7,7,'%/1m D' ,'Měsíc: Dobré RP - četnosti v % podle OME','Zápis četnosti proběhne bez ohledu na množství dat')
1 row(s), time 0.0222 sec

SQL> insert into vix_c_aggreg_type (id,fixed_id,abbrev,name,description) values (8,8,'%/1m MN','Měsíc: Mírně nepříznivé RP - četnosti v % podle OME','Zápis četnosti proběhne bez ohledu na množství dat')
1 row(s), time 0.0313 sec

SQL> insert into vix_c_aggreg_type (id,fixed_id,abbrev,name,description) values (9,9,'%/1m N' ,'Měsíc: Nepříznivé RP - četnosti v % podle OME','Zápis četnosti proběhne bez ohledu na množství dat')
1 row(s), time 0.0530 sec

SQL> insert into vix_c_aggreg_type (id,fixed_id,abbrev,name,description) values (10,10,'%/1y D' ,'Rok: Dobré RP - četnosti v % podle OME','Zápis četnosti proběhne bez ohledu na množství dat')
1 row(s), time 0.0317 sec

SQL> insert into vix_c_aggreg_type (id,fixed_id,abbrev,name,description) values (11,11,'%/1y MN','Rok: Mírně nepříznivé RP - četnosti v % podle OME','Zápis četnosti proběhne bez ohledu na množství dat')
1 row(s), time 0.0313 sec

SQL> insert into vix_c_aggreg_type (id,fixed_id,abbrev,name,description) values (12,12,'%/1y N' ,'Rok: Nepříznivé RP - četnosti v % podle OME','Zápis četnosti proběhne bez ohledu na množství dat')
1 row(s), time 0.0373 sec

SQL> insert into vix_c_aggreg_type (id,fixed_id,abbrev,name,description) values (13,13,'CPP','Den: Třída rozptylových podmínek 1 až 4.','Čtyři třídy rozptylových podmínek charakterizované čísly 1 až 4.')
1 row(s), time 0.0318 sec

SQL> delete from vix_c_frequency_class_ome
0 row(s), time 0.0623 sec

SQL> insert into vix_c_frequency_class_ome (id,code,name,description,value_from,value_to) values (1,'D' ,'Dobré RP','četnost hodinových hodnot v %' ,3000,null)
1 row(s), time 0.0848 sec

SQL> insert into vix_c_frequency_class_ome (id,code,name,description,value_from,value_to) values (2,'MN','Mírně nepříznivé RP','četnost hodinových hodnot v %',1100,3000)
1 row(s), time 0.0221 sec

SQL> insert into vix_c_frequency_class_ome (id,code,name,description,value_from,value_to) values (3,'N' ,'Nepříznivé RP','četnost hodinových hodnot v %' ,0,1100)
1 row(s), time 0.0469 sec

SQL> delete from vix_c_class_cpp
0 row(s), time 0.0473 sec

SQL> insert into vix_c_class_cpp (id,class,code,name,description) values (1,1,'1D' ,'Dobré RP','x')
1 row(s), time 0.0849 sec

SQL> insert into vix_c_class_cpp (id,class,code,name,description) values (2,2,'2CMN' ,'Částečně mírně neříznivé RP','x')
1 row(s), time 0.0218 sec

SQL> insert into vix_c_class_cpp (id,class,code,name,description) values (3,3,'3MN' ,'Mírně nepříznivé RP','x')
1 row(s), time 0.0472 sec

SQL> insert into vix_c_class_cpp (id,class,code,name,description) values (4,4,'4N' ,'Nepříznivé RP','x')
1 row(s), time 0.0311 sec

SQL> delete from vix_c_area
0 row(s), time 0.0534 sec

SQL> insert into vix_c_area (id,fixed_id,code,name) values (01,1000,'CZ010' ,'Aglomerace Praha')
1 row(s), time 0.0850 sec

SQL> insert into vix_c_area (id,fixed_id,code,name) values (02,2000,'CZ020' ,'Středočeský kraj')
1 row(s), time 0.0465 sec

SQL> insert into vix_c_area (id,fixed_id,code,name) values (03,3100,'CZ031' ,'Jihočeský kraj')
1 row(s), time 0.0317 sec

SQL> insert into vix_c_area (id,fixed_id,code,name) values (04,3200,'CZ032' ,'Plzeňský kraj')
1 row(s), time 0.0223 sec

SQL> insert into vix_c_area (id,fixed_id,code,name) values (05,4100,'CZ041' ,'Karlovarský kraj')
1 row(s), time 0.0310 sec

SQL> insert into vix_c_area (id,fixed_id,code,name) values (06,4200,'CZ042' ,'Ústecký kraj')
1 row(s), time 0.0469 sec

SQL> insert into vix_c_area (id,fixed_id,code,name) values (07,5100,'CZ051' ,'Liberecký kraj')
1 row(s), time 0.0222 sec

SQL> insert into vix_c_area (id,fixed_id,code,name) values (08,5200,'CZ052' ,'Královéhradecký kraj')
1 row(s), time 0.0312 sec

SQL> insert into vix_c_area (id,fixed_id,code,name) values (09,5300,'CZ053' ,'Pardubický kraj')
1 row(s), time 0.0469 sec

SQL> insert into vix_c_area (id,fixed_id,code,name) values (10,6300,'CZ063' ,'Kraj Vysočina')
1 row(s), time 0.0221 sec

SQL> insert into vix_c_area (id,fixed_id,code,name) values (11,6410,'CZ064Z','Jihomoravský kraj bez aglomerace Brno')
1 row(s), time 0.0313 sec

SQL> insert into vix_c_area (id,fixed_id,code,name) values (12,6420,'CZ064A','Aglomerace Brno')
1 row(s), time 0.0312 sec

SQL> insert into vix_c_area (id,fixed_id,code,name) values (13,7100,'CZ071' ,'Olomoucký kraj')
1 row(s), time 0.0378 sec

SQL> insert into vix_c_area (id,fixed_id,code,name) values (14,7200,'CZ072' ,'Zlínský kraj')
1 row(s), time 0.0312 sec

SQL> insert into vix_c_area (id,fixed_id,code,name) values (15,8010,'CZ080Z','Moravskoslezský kraj bez aglomerace O/K/F-M')
1 row(s), time 0.0313 sec

SQL> insert into vix_c_area (id,fixed_id,code,name) values (16,8020,'CZ080A','Aglomerace Ostrava/Karviná/Frýdek-Místek')
1 row(s), time 0.0378 sec

SQL> insert into vix.vix_c_area (id, fixed_id, code, name) values (0,1,'CZ','Česká republika')
1 row(s), time 0.0156 sec

SQL> exit

End time: 2022-02-14 12:06:49 (elapsed: 0:1.908 sec)
